// Jest Snapshot v1, https://goo.gl/fbAQLP

exports[`TaskItem tests should display component correctly 1`] = `
<div>
  <h3 />
  <p />
  <p>
    done:
  </p>
  <input
    name="done"
    onChange={[Function]}
    type="checkbox"
  />
</div>
`;
