// Jest Snapshot v1, https://goo.gl/fbAQLP

exports[`GifGridItem test component should display the snapshot correctly 1`] = `
<div
  className="card animate__animated animate__fadeIn"
>
  <img
    alt="titleTest"
    src="http://localhost/test"
  />
  <p>
    titleTest
  </p>
</div>
`;
