// Jest Snapshot v1, https://goo.gl/fbAQLP

exports[`GifGrid test component should display snapshot correctly 1`] = `
<Fragment>
  <h3
    className="animate__animated animate__fadeIn"
  >
    coding
  </h3>
  <p
    className="animate__animated animate__flash"
  >
    loading...
  </p>
  <div
    className="card-grid"
  />
</Fragment>
`;
