// Jest Snapshot v1, https://goo.gl/fbAQLP

exports[`login screen tests should match to snapshot 1`] = `
Array [
  <h3
    className="auth__title "
  >
    Login
  </h3>,
  <form
    onSubmit={[Function]}
  >
    <input
      autoComplete="on"
      className="auth__input "
      placeholder="Email"
      type="email"
    />
    <input
      className="auth__input "
      placeholder="Password"
      type="password"
    />
    <button
      className="btn btn-primary btn-block"
      disabled={false}
      type="submit"
    >
      Login
    </button>
    <hr />
    <div
      className="auth__social-networks"
    >
      <p>
        Login with social networks
      </p>
      <div
        className="google-btn"
        onClick={[Function]}
      >
        <div
          className="google-icon-wrapper"
        >
          <img
            alt="google button"
            className="google-icon"
            src="https://upload.wikimedia.org/wikipedia/commons/5/53/Google_%22G%22_Logo.svg"
          />
        </div>
        <p
          className="btn-text"
        >
          <b>
            Sign in with google
          </b>
        </p>
      </div>
    </div>
    <a
      className="link"
      href="/register"
      onClick={[Function]}
    >
      Create new account
    </a>
  </form>,
]
`;
