// Jest Snapshot v1, https://goo.gl/fbAQLP

exports[`NoteScreen tests should to match snapshot 1`] = `
<div
  className="notes__main-content"
>
  <div
    className="notes__appbar"
  >
    <span>
      28 de agosto 2020
    </span>
    <input
      id="fileSelector"
      name="file"
      onChange={[Function]}
      style={
        Object {
          "display": "none",
        }
      }
      type="file"
    />
    <div>
      <button
        className="btn"
        onClick={[Function]}
      >
        Picture
      </button>
      <button
        className="btn"
        onClick={[Function]}
      >
        Save
      </button>
    </div>
  </div>
  <div
    className="notes__content"
  >
    <input
      autoComplete="off"
      className="notes__title-input"
      name="title"
      onChange={[Function]}
      placeholder="Some awesome title"
      type="text"
      value="hi"
    />
    <textarea
      autoComplete="off"
      className="notes__textarea"
      name="body"
      onChange={[Function]}
      placeholder="What happend today"
      value="world"
    />
    <div
      className="notes__image"
    >
      <img
        alt="note"
        src="https://someurl.com"
      />
    </div>
  </div>
  <button
    className="btn btn-danger"
    onClick={[Function]}
  >
    Delete
  </button>
</div>
`;
